<?xml version="1.0" encoding="utf-8"?><testsuites name="pytest tests"><testsuite name="pytest" errors="0" failures="0" skipped="0" tests="1" time="0.026" timestamp="2026-02-10T14:27:02.427035+05:30" hostname="DESKTOP-BM15K5R"><testcase classname="test" name="test_success" time="0.001" /></testsuite></testsuites>